[backblue.gif]
[fade.gif]
[index.html]
[tutorio-bootstrap.frontendmatter.com/assets/images/logo/white-100@2x.png]
[tutorio-bootstrap.frontendmatter.com/assets/images/1280_work-station-straight-on-view.jpg]
[tutorio-bootstrap.frontendmatter.com/assets/images/macbook.png]
[tutorio-bootstrap.frontendmatter.com/assets/images/paths/angular_430x168.png]
[tutorio-bootstrap.frontendmatter.com/assets/images/paths/angular_40x40@2x.png]
[tutorio-bootstrap.frontendmatter.com/assets/images/paths/swift_430x168.png]
[tutorio-bootstrap.frontendmatter.com/assets/images/paths/swift_40x40@2x.png]
[tutorio-bootstrap.frontendmatter.com/assets/images/paths/wordpress_430x168.png]
[tutorio-bootstrap.frontendmatter.com/assets/images/paths/wordpress_40x40@2x.png]
[tutorio-bootstrap.frontendmatter.com/assets/images/paths/react_430x168.png]
[tutorio-bootstrap.frontendmatter.com/assets/images/paths/react_40x40@2x.png]
[tutorio-bootstrap.frontendmatter.com/assets/images/paths/redis_430x168.png]
[tutorio-bootstrap.frontendmatter.com/assets/images/paths/redis_40x40@2x.png]
[tutorio-bootstrap.frontendmatter.com/assets/images/paths/typescript_430x168.png]
[tutorio-bootstrap.frontendmatter.com/assets/images/paths/typescript_40x40@2x.png]
[tutorio-bootstrap.frontendmatter.com/assets/images/paths/devops_430x168.png]
[tutorio-bootstrap.frontendmatter.com/assets/images/paths/devops_40x40@2x.png]
[tutorio-bootstrap.frontendmatter.com/assets/images/paths/angular_testing_430x168.png]
[tutorio-bootstrap.frontendmatter.com/assets/images/people/110/guy-1.jpg]
[tutorio-bootstrap.frontendmatter.com/assets/images/people/110/guy-2.jpg]
[tutorio-bootstrap.frontendmatter.com/assets/images/logo/black-70@2x.png]
[tutorio-bootstrap.frontendmatter.com/assets/images/icon/footer/facebook-square@2x.png]
[tutorio-bootstrap.frontendmatter.com/assets/images/icon/footer/twitter-square@2x.png]
[tutorio-bootstrap.frontendmatter.com/assets/images/icon/footer/vimeo-square@2x.png]
[tutorio-bootstrap.frontendmatter.com/assets/images/icon/footer/youtube-square@2x.png]
[tutorio-bootstrap.frontendmatter.com/assets/vendor/jquery.min.js]
[tutorio-bootstrap.frontendmatter.com/assets/vendor/popper.min.js]
[tutorio-bootstrap.frontendmatter.com/assets/vendor/bootstrap.min.js]
[tutorio-bootstrap.frontendmatter.com/assets/vendor/perfect-scrollbar.min.js]
[tutorio-bootstrap.frontendmatter.com/assets/vendor/dom-factory.js]
[tutorio-bootstrap.frontendmatter.com/assets/vendor/material-design-kit.js]
[tutorio-bootstrap.frontendmatter.com/assets/vendor/fix-footer.js]
[tutorio-bootstrap.frontendmatter.com/assets/vendor/Chart.min.js]
[tutorio-bootstrap.frontendmatter.com/assets/js/app.js]
[tutorio-bootstrap.frontendmatter.com/assets/js/hljs.js]
[tutorio-bootstrap.frontendmatter.com/index.html]
[tutorio-bootstrap.frontendmatter.com/assets/vendor/perfect-scrollbar.css]
[tutorio-bootstrap.frontendmatter.com/assets/vendor/fix-footer.css]
[tutorio-bootstrap.frontendmatter.com/assets/js/app-settings.js]
[tutorio-bootstrap.frontendmatter.com/assets/fonts/material-icons/MaterialIcons-Regular.eot]
[tutorio-bootstrap.frontendmatter.com/assets/fonts/material-icons/MaterialIcons-Regular.woff2]
[tutorio-bootstrap.frontendmatter.com/assets/fonts/material-icons/MaterialIcons-Regular.woff]
[tutorio-bootstrap.frontendmatter.com/assets/fonts/material-icons/MaterialIcons-Regular.ttf]
[tutorio-bootstrap.frontendmatter.com/assets/css/material-icons.css]
[tutorio-bootstrap.frontendmatter.com/assets/css/material-icons.rtl.css]
[tutorio-bootstrap.frontendmatter.com/assets/fonts/fontawesome-free/fa-brands-400.eot]
[tutorio-bootstrap.frontendmatter.com/assets/fonts/fontawesome-free/fa-brands-400.woff2]
[tutorio-bootstrap.frontendmatter.com/assets/fonts/fontawesome-free/fa-brands-400.woff]
[tutorio-bootstrap.frontendmatter.com/assets/fonts/fontawesome-free/fa-brands-400.ttf]
[tutorio-bootstrap.frontendmatter.com/assets/fonts/fontawesome-free/fa-solid-900.eot]
[tutorio-bootstrap.frontendmatter.com/assets/fonts/fontawesome-free/fa-solid-900.woff2]
[tutorio-bootstrap.frontendmatter.com/assets/fonts/fontawesome-free/fa-solid-900.woff]
[tutorio-bootstrap.frontendmatter.com/assets/fonts/fontawesome-free/fa-solid-900.ttf]
[tutorio-bootstrap.frontendmatter.com/assets/fonts/fontawesome-free/fa-regular-400.eot]
[tutorio-bootstrap.frontendmatter.com/assets/fonts/fontawesome-free/fa-brands-400d41d.eot]
[tutorio-bootstrap.frontendmatter.com/assets/fonts/fontawesome-free/fa-regular-400d41d.eot]
[tutorio-bootstrap.frontendmatter.com/assets/fonts/fontawesome-free/fa-regular-400.woff2]
[tutorio-bootstrap.frontendmatter.com/assets/fonts/fontawesome-free/fa-regular-400.woff]
[tutorio-bootstrap.frontendmatter.com/assets/fonts/fontawesome-free/fa-solid-900d41d.eot]
[tutorio-bootstrap.frontendmatter.com/assets/fonts/fontawesome-free/fa-regular-400.ttf]
[tutorio-bootstrap.frontendmatter.com/assets/css/fontawesome.css]
[tutorio-bootstrap.frontendmatter.com/assets/css/fontawesome.rtl.css]
[tutorio-bootstrap.frontendmatter.com/assets/css/preloader.css]
[tutorio-bootstrap.frontendmatter.com/assets/css/preloader.rtl.css]
[tutorio-bootstrap.frontendmatter.com/assets/css/app.css]
[tutorio-bootstrap.frontendmatter.com/assets/css/app.rtl.css]
[tutorio-bootstrap.frontendmatter.com/login.html]
[tutorio-bootstrap.frontendmatter.com/pricing.html]
[tutorio-bootstrap.frontendmatter.com/assets/images/1280_writing-down-goals_4460x4460.jpg]
[tutorio-bootstrap.frontendmatter.com/assets/images/paths/angular_routing_430x168.png]
[tutorio-bootstrap.frontendmatter.com/assets/images/paths/sketch_430x168.png]
[tutorio-bootstrap.frontendmatter.com/assets/images/paths/sketch_40x40@2x.png]
[tutorio-bootstrap.frontendmatter.com/assets/images/paths/flinto_430x168.png]
[tutorio-bootstrap.frontendmatter.com/assets/images/paths/flinto_40x40@2x.png]
[tutorio-bootstrap.frontendmatter.com/assets/images/paths/photoshop_430x168.png]
[tutorio-bootstrap.frontendmatter.com/assets/images/paths/photoshop_40x40@2x.png]
[tutorio-bootstrap.frontendmatter.com/assets/images/paths/mailchimp_430x168.png]
[tutorio-bootstrap.frontendmatter.com/assets/images/paths/mailchimp_40x40@2x.png]
[tutorio-bootstrap.frontendmatter.com/assets/images/paths/figma_430x168.png]
[tutorio-bootstrap.frontendmatter.com/assets/images/paths/figma_40x40@2x.png]
[tutorio-bootstrap.frontendmatter.com/assets/images/paths/xd_430x168.png]
[tutorio-bootstrap.frontendmatter.com/assets/images/paths/xd_40x40@2x.png]
[tutorio-bootstrap.frontendmatter.com/assets/images/paths/invision_430x168.png]
[tutorio-bootstrap.frontendmatter.com/assets/images/paths/invision_40x40@2x.png]
[tutorio-bootstrap.frontendmatter.com/assets/images/paths/craft_430x168.png]
[tutorio-bootstrap.frontendmatter.com/library.html]
[tutorio-bootstrap.frontendmatter.com/assets/images/paths/craft_40x40@2x.png]
[tutorio-bootstrap.frontendmatter.com/assets/images/1280_15ntkpxqt54y-sai-kiran-anagani.jpg]
[tutorio-bootstrap.frontendmatter.com/assets/images/paths/angular_services_430x168.png]
[tutorio-bootstrap.frontendmatter.com/assets/images/paths/angular_patterns_430x168.png]
[tutorio-bootstrap.frontendmatter.com/assets/images/people/110/woman-1.jpg]
[tutorio-bootstrap.frontendmatter.com/library-development.html]
[tutorio-bootstrap.frontendmatter.com/assets/images/people/110/guy-3.jpg]
[tutorio-bootstrap.frontendmatter.com/assets/images/people/50/guy-6.jpg]
[tutorio-bootstrap.frontendmatter.com/course.html]
[tutorio-bootstrap.frontendmatter.com/assets/images/people/110/guy-6.jpg]
[tutorio-bootstrap.frontendmatter.com/path.html]
[tutorio-bootstrap.frontendmatter.com/paths.html]
[tutorio-bootstrap.frontendmatter.com/library-featured.html]
[tutorio-bootstrap.frontendmatter.com/library-filters.html]
[tutorio-bootstrap.frontendmatter.com/signup.html]
[tutorio-bootstrap.frontendmatter.com/signup-payment.html]
[tutorio-bootstrap.frontendmatter.com/assets/images/paths/angular_96x96.png]
[tutorio-bootstrap.frontendmatter.com/assets/images/people/50/guy-3.jpg]
[tutorio-bootstrap.frontendmatter.com/student-discussions.html]
[tutorio-bootstrap.frontendmatter.com/assets/images/people/110/woman-5.jpg]
[tutorio-bootstrap.frontendmatter.com/assets/images/paths/angular_64x64.png]
[tutorio-bootstrap.frontendmatter.com/student-discussions-ask.html]
[tutorio-bootstrap.frontendmatter.com/assets/images/achievements/flinto.png]
[tutorio-bootstrap.frontendmatter.com/assets/images/illustration/achievement/128/white.png]
[tutorio-bootstrap.frontendmatter.com/assets/images/achievements/angular.png]
[tutorio-bootstrap.frontendmatter.com/assets/js/settings.js]
[tutorio-bootstrap.frontendmatter.com/assets/vendor/moment.min.js]
[tutorio-bootstrap.frontendmatter.com/assets/vendor/moment-range.min.js]
[tutorio-bootstrap.frontendmatter.com/assets/js/chartjs.js]
[tutorio-bootstrap.frontendmatter.com/student-profile.html]
[tutorio-bootstrap.frontendmatter.com/assets/js/page.student-profile.js]
[tutorio-bootstrap.frontendmatter.com/assets/images/paths/angular_routing_200x168.png]
[tutorio-bootstrap.frontendmatter.com/assets/images/paths/angular_testing_200x168.png]
[tutorio-bootstrap.frontendmatter.com/assets/images/paths/typescript_200x168.png]
[tutorio-bootstrap.frontendmatter.com/instructor-profile.html]
[tutorio-bootstrap.frontendmatter.com/library-filters-list.html]
[tutorio-bootstrap.frontendmatter.com/assets/images/paths/angular_200x168.png]
[tutorio-bootstrap.frontendmatter.com/lesson.html]
[tutorio-bootstrap.frontendmatter.com/student-dashboard.html]
[tutorio-bootstrap.frontendmatter.com/assets/js/page.student-dashboard.js]
[tutorio-bootstrap.frontendmatter.com/assets/images/paths/typescript_892x286.png]
[tutorio-bootstrap.frontendmatter.com/student-my-courses.html]
[tutorio-bootstrap.frontendmatter.com/student-take-course.html]
[tutorio-bootstrap.frontendmatter.com/student-take-lesson.html]
[tutorio-bootstrap.frontendmatter.com/student-take-quiz.html]
[tutorio-bootstrap.frontendmatter.com/student-quiz-result-details.html]
[tutorio-bootstrap.frontendmatter.com/student-quiz-results.html]
[tutorio-bootstrap.frontendmatter.com/student-path-assessment.html]
[tutorio-bootstrap.frontendmatter.com/student-path-assessment-result.html]
[tutorio-bootstrap.frontendmatter.com/assets/images/people/110/guy-9.jpg]
[tutorio-bootstrap.frontendmatter.com/assets/js/chartjs-rounded-bar.js]
[tutorio-bootstrap.frontendmatter.com/assets/js/page.instructor-dashboard.js]
[tutorio-bootstrap.frontendmatter.com/assets/vendor/list.min.js]
[tutorio-bootstrap.frontendmatter.com/assets/js/list.js]
[tutorio-bootstrap.frontendmatter.com/instructor-dashboard.html]
[tutorio-bootstrap.frontendmatter.com/instructor-courses.html]
[tutorio-bootstrap.frontendmatter.com/instructor-quizzes.html]
[tutorio-bootstrap.frontendmatter.com/instructor-edit-course.html]
[tutorio-bootstrap.frontendmatter.com/instructor-edit-quiz.html]
[tutorio-bootstrap.frontendmatter.com/assets/js/page.instructor-earnings.js]
[tutorio-bootstrap.frontendmatter.com/instructor-earnings.html]
[tutorio-bootstrap.frontendmatter.com/instructor-statement.html]
[tutorio-bootstrap.frontendmatter.com/assets/images/people/256/256_rsz_nicolas-horn-689011-unsplash.jpg]
[tutorio-bootstrap.frontendmatter.com/assets/images/people/256/256_rsz_karl-s-973833-unsplash.jpg]
[tutorio-bootstrap.frontendmatter.com/assets/images/people/50/guy-1.jpg]
[tutorio-bootstrap.frontendmatter.com/assets/images/people/50/guy-2.jpg]
[tutorio-bootstrap.frontendmatter.com/assets/images/people/50/woman-1.jpg]
[tutorio-bootstrap.frontendmatter.com/assets/images/people/256/256_rsz_sharina-mae-agellon-377466-unsplash.jpg]
[tutorio-bootstrap.frontendmatter.com/student-discussion.html]
[tutorio-bootstrap.frontendmatter.com/reset-password.html]
[tutorio-bootstrap.frontendmatter.com/change-password.html]
[tutorio-bootstrap.frontendmatter.com/student-edit-account.html]
[tutorio-bootstrap.frontendmatter.com/student-edit-account-profile.html]
[tutorio-bootstrap.frontendmatter.com/student-edit-account-notifications.html]
[tutorio-bootstrap.frontendmatter.com/student-edit-account-password.html]
[tutorio-bootstrap.frontendmatter.com/student-billing.html]
[tutorio-bootstrap.frontendmatter.com/student-billing-upgrade.html]
[tutorio-bootstrap.frontendmatter.com/student-billing-payment.html]
[tutorio-bootstrap.frontendmatter.com/student-billing-history.html]
[tutorio-bootstrap.frontendmatter.com/student-billing-invoice.html]
[tutorio-bootstrap.frontendmatter.com/ui-buttons.html]
[tutorio-bootstrap.frontendmatter.com/ui-charts.html]
[tutorio-bootstrap.frontendmatter.com/assets/js/page.ui-charts.js]
[tutorio-bootstrap.frontendmatter.com/assets/images/people/256/256_rsz_florian-perennes-594195-unsplash.jpg]
[tutorio-bootstrap.frontendmatter.com/assets/images/people/256/256_rsz_james-gillespie-714755-unsplash.jpg]
[tutorio-bootstrap.frontendmatter.com/ui-avatars.html]
[tutorio-bootstrap.frontendmatter.com/assets/images/people/256/256_rsz_90-jiang-640827-unsplash.jpg]
[tutorio-bootstrap.frontendmatter.com/assets/vendor/jquery.bootstrap-touchspin.js]
[tutorio-bootstrap.frontendmatter.com/assets/js/touchspin.js]
[tutorio-bootstrap.frontendmatter.com/assets/vendor/flatpickr/flatpickr.min.js]
[tutorio-bootstrap.frontendmatter.com/assets/js/flatpickr.js]
[tutorio-bootstrap.frontendmatter.com/assets/vendor/jquery.mask.min.js]
[tutorio-bootstrap.frontendmatter.com/assets/vendor/quill.min.js]
[tutorio-bootstrap.frontendmatter.com/ui-forms.html]
[tutorio-bootstrap.frontendmatter.com/ui-loaders.html]
[tutorio-bootstrap.frontendmatter.com/assets/js/quill.js]
[tutorio-bootstrap.frontendmatter.com/assets/js/toggle-check-all.js]
[tutorio-bootstrap.frontendmatter.com/ui-tables.html]
[tutorio-bootstrap.frontendmatter.com/ui-cards.html]
[tutorio-bootstrap.frontendmatter.com/assets/js/check-selected-row.js]
[tutorio-bootstrap.frontendmatter.com/assets/vendor/vue.min.js]
[tutorio-bootstrap.frontendmatter.com/ui-icons.html]
[tutorio-bootstrap.frontendmatter.com/ui-tabs.html]
[tutorio-bootstrap.frontendmatter.com/ui-alerts.html]
[tutorio-bootstrap.frontendmatter.com/ui-badges.html]
[tutorio-bootstrap.frontendmatter.com/ui-progress.html]
[tutorio-bootstrap.frontendmatter.com/ui-pagination.html]
[tutorio-bootstrap.frontendmatter.com/assets/images/logo/white-100.svg]
[tutorio-bootstrap.frontendmatter.com/assets/fonts/fontawesome-free/fa-brands-400.svg]
[tutorio-bootstrap.frontendmatter.com/assets/fonts/fontawesome-free/fa-solid-900.svg]
[tutorio-bootstrap.frontendmatter.com/assets/fonts/fontawesome-free/fa-regular-400.svg]
[tutorio-bootstrap.frontendmatter.com/assets/images/illustration/student/128/white.svg]
[tutorio-bootstrap.frontendmatter.com/assets/js/app-icons.js]
[tutorio-bootstrap.frontendmatter.com/library-filters-development.html]
[tutorio-bootstrap.frontendmatter.com/assets/images/illustration/teacher/128/white.svg]
[tutorio-bootstrap.frontendmatter.com/assets/images/illustration/player.svg]
[tutorio-bootstrap.frontendmatter.com/assets/images/paths/typescript_64x64.svg]
[tutorio-bootstrap.frontendmatter.com/assets/images/paths/angular_40x40.svg]
[tutorio-bootstrap.frontendmatter.com/invoice.html]
[tutorio-bootstrap.frontendmatter.com/profile.html]
[tutorio-bootstrap.frontendmatter.com/take-course.html]
[tutorio-bootstrap.frontendmatter.com/assets/images/visa.svg]
[tutorio-bootstrap.frontendmatter.com/assets/css/flatpickr.css]
[tutorio-bootstrap.frontendmatter.com/assets/css/flatpickr.rtl.css]
[tutorio-bootstrap.frontendmatter.com/assets/css/flatpickr-airbnb.css]
[tutorio-bootstrap.frontendmatter.com/assets/css/flatpickr-airbnb.rtl.css]
[tutorio-bootstrap.frontendmatter.com/assets/css/quill.css]
[tutorio-bootstrap.frontendmatter.com/assets/css/quill.rtl.css]
[tutorio-bootstrap.frontendmatter.com/assets/css/bootstrap-touchspin.css]
[tutorio-bootstrap.frontendmatter.com/assets/css/bootstrap-touchspin.rtl.css]
[tutorio-bootstrap.frontendmatter.com/library-filters-development-list.html]
